// Jest Snapshot v1, https://goo.gl/fbAQLP

exports[`Todo Component Should render the right way 1`] = `undefined`;
